window A: 2023-26 设计期: 849天 | 入选 8 槽
   手数: [('NI 主力~隔月', 1), ('I 主力~次到期', 2), ('HC 主力~隔月', 21), ('SM 主力~次到期', 7), ('SP 主力~次到期', 4), ('PB 主力~次到期', 2), ('CF 主力~次到期', 3)]
   OOS: sharpe= 1.97 年化=  5.35% 回撤= -1.21% | 账户盈亏 +37,179 元 | 保证金占用 443,943 元
     · NI 主力~隔月       hl= 32.3d 1手  OOS ann=  0.11%  sharpe= 0.31
     · I 主力~次到期       hl= 22.2d 2手  OOS ann=  0.76%  sharpe= 1.01
     · HC 主力~隔月       hl= 48.0d 21手  OOS ann=  0.51%  sharpe= 0.90
     · SM 主力~次到期      hl= 41.5d 7手  OOS ann=  0.07%  sharpe= 0.15
     · SP 主力~次到期      hl=  9.3d 4手  OOS ann=  2.72%  sharpe= 1.99
     · PB 主力~次到期      hl= 22.0d 2手  OOS ann=  1.36%  sharpe= 1.61
     · CF 主力~次到期      hl= 24.1d 3手  OOS ann= -1.09%  sharpe=-1.10
window C: 2020-23 holdout: 787天 | 入选 8 槽
   手数: [('L 主力~次到期', 6), ('NI 主力~隔月', 1), ('A 主力~次到期', 4), ('SM 主力~次到期', 7), ('CS 主力~次到期', 12), ('EB 主力~次到期', 5), ('C 主力~次到期', 22), ('MA 主力~隔月', 10)]
   OOS: sharpe= 1.13 年化=  4.22% 回撤= -2.82% | 账户盈亏 +26,638 元 | 保证金占用 449,146 元
     · L 主力~次到期       hl=  9.7d 6手  OOS ann=  0.71%  sharpe= 1.49
     · NI 主力~隔月       hl= 10.8d 1手  OOS ann=  1.49%  sharpe= 0.73
     · A 主力~次到期       hl= 13.7d 4手  OOS ann=  1.04%  sharpe= 0.59
     · SM 主力~次到期      hl=  7.1d 7手  OOS ann=  0.91%  sharpe= 1.79
     · CS 主力~次到期      hl= 23.6d 12手  OOS ann= -0.14%  sharpe=-0.07
     · EB 主力~次到期      hl= 27.9d 5手  OOS ann=  1.16%  sharpe= 1.76
     · C 主力~次到期       hl= 35.6d 22手  OOS ann= -0.29%  sharpe=-0.36
     · MA 主力~隔月       hl= 22.2d 10手  OOS ann=  0.34%  sharpe= 0.40
